<html>
<body>
<pre>
<h1>µVision Build Log</h1>
<h2>Project:</h2>
D:\School\CS2208\Assignmets\Assignment 3\prog1\prog1.uvproj
Project File Date:  11/03/2013

<h2>Output:</h2>
Build target 'Target 1'
linking...
Program Size: Code=132 RO-data=0 RW-data=0 ZI-data=0  
FromELF: creating hex file...
".\prog1.axf" - 0 Errors, 0 Warning(s).
Clean started: Project: 'prog1'
   deleting intermediate output files for target 'Target 1'
Build target 'Target 1'
assembling prog1.s...
linking...
Program Size: Code=132 RO-data=0 RW-data=0 ZI-data=0  
FromELF: creating hex file...
".\prog1.axf" - 0 Errors, 0 Warning(s).
