<html>
<body>
<pre>
<h1>µVision Build Log</h1>
<h2>Project:</h2>
C:\Users\ZiZo\Desktop\Final\Final.uvproj
Project File Date:  12/13/2013

<h2>Output:</h2>
Build target 'Target 1'
assembling prog4.s...
prog4.s(33): warning: A1581W: Added 1 bytes of padding at address 0x14f
linking...
Program Size: Code=340 RO-data=0 RW-data=0 ZI-data=0  
".\Final.axf" - 0 Error(s), 1 Warning(s).
</pre>
</body>
</html>
created
s(52): warning: A1865W: '#' not seen before constant expression
prog3.s(58): warning: A1865W: '#' not seen before constant expression
prog3.s(64): warning: A1865W: '#' not seen before constant expression
prog3.s(65): warning: A1865W: '#' not seen before constant expression
prog3.s(36): warning: A1608W: MOV pc,<rn> instruction used, but BX <rn> is preferred
linking...
Program Size: Code=464 RO-data=0 RW-data=0 ZI-data=0  
".\Final.axf" - 0 Error(s), 8 Warning(s).
s).
Target not created
